// Jest Snapshot v1, https://goo.gl/fbAQLP

exports[`components/ConnectModalForm should match snapshot 1`] = `
<form
  onSubmit={[Function]}
  role="form"
>
  <ModalBody
    style={
      Object {
        "backgroundColor": undefined,
        "color": undefined,
        "padding": "2em 2em 3em",
      }
    }
  >
    <ReactSelectSetting
      onChange={[Function]}
      options={
        Array [
          Object {
            "label": "https://something.atlassian.net",
            "value": "https://something.atlassian.net",
          },
          Object {
            "label": "http://localhost:8080",
            "value": "http://localhost:8080",
          },
        ]
      }
      theme={Object {}}
    />
  </ModalBody>
  <ModalFooter
    style={
      Object {
        "padding": "2rem 15px",
      }
    }
  >
    <FormButton
      btnClass="btn-link"
      defaultMessage="Cancel"
      disabled={false}
      extraClasses=""
      onClick={[Function]}
      savingMessage="Creating"
      type="button"
    />
    <FormButton
      btnClass="btn btn-primary"
      defaultMessage="Connect"
      disabled={true}
      extraClasses=""
      saving={false}
      savingMessage="Creating"
      type="submit"
    />
    <p
      className="error-text"
    />
  </ModalFooter>
</form>
`;
